SQL> SELECT* FROM TAB;

TNAME                TABTYPE        CLUSTERID                                                                                                                                                           
-------------------- ------------- ----------                                                                                                                                                           
SUBJECT              TABLE                                                                                                                                                                              
SINGER               TABLE                                                                                                                                                                              
EMP                  TABLE                                                                                                                                                                              
BICKS                TABLE                                                                                                                                                                              
DEPT                 TABLE                                                                                                                                                                              
EMPLOYEES            TABLE                                                                                                                                                                              
COUSTOMER            TABLE                                                                                                                                                                              
RDER                 TABLE                                                                                                                                                                              

8 rows selected.

SQL> ALTER TABLE RDER
  2  RENAME OREDRS;
RENAME OREDRS
       *
ERROR at line 2:
ORA-14155: missing PARTITION, PARTITIONS, SUBPARTITION, or SUBPARTITIONS keyword 


SQL> /
RENAME OREDRS
       *
ERROR at line 2:
ORA-14155: missing PARTITION, PARTITIONS, SUBPARTITION, or SUBPARTITIONS keyword 


SQL> ED
Wrote file afiedt.buf

  1  ALTER TABLE RDER
  2* RENAME RDER = OREDRS
SQL> /
RENAME RDER = OREDRS
       *
ERROR at line 2:
ORA-14155: missing PARTITION, PARTITIONS, SUBPARTITION, or SUBPARTITIONS keyword 


SQL> ED
Wrote file afiedt.buf

  1  ALTER TABLE RDER
  2* RENAME TO OREDRS
SQL> /

Table altered.

SQL> SELCT * FROM TAB;
SP2-0734: unknown command beginning "SELCT * FR..." - rest of line ignored.
SQL> SELCT * FROM ORDERS;
SP2-0734: unknown command beginning "SELCT * FR..." - rest of line ignored.
SQL> COMMIT
  2  ;

Commit complete.

SQL> SELECT * FROM TAB;

TNAME                TABTYPE        CLUSTERID                                                                                                                                                           
-------------------- ------------- ----------                                                                                                                                                           
SUBJECT              TABLE                                                                                                                                                                              
SINGER               TABLE                                                                                                                                                                              
EMP                  TABLE                                                                                                                                                                              
BICKS                TABLE                                                                                                                                                                              
DEPT                 TABLE                                                                                                                                                                              
EMPLOYEES            TABLE                                                                                                                                                                              
COUSTOMER            TABLE                                                                                                                                                                              
OREDRS               TABLE                                                                                                                                                                              

8 rows selected.

SQL> ALTER TABLE COUSTOMER
  2  RENAME TO CUSTOMER;

Table altered.

SQL> SELECT * FROM CUSTOMER;

        ID FIRST_NAME LAST_NAME         AGE                                                                                                                                                             
---------- ---------- ---------- ----------                                                                                                                                                             
        11 JOHN       DISUZA             22                                                                                                                                                             
        22 KALVIN     KELIN              34                                                                                                                                                             
        33 JORDEN     SHO                22                                                                                                                                                             
        44 MOHITO     SHFLI              67                                                                                                                                                             
        55 REMO       DISUZA             55                                                                                                                                                             

SQL> SELECT * FROM EMPLOYEES;

     EMPNO ENAME                DOB       HIREDATE  PHONE               DID                                                                                                                             
---------- -------------------- --------- --------- ------------ ----------                                                                                                                             
         1 SURESH               01-JAN-00 31-DEC-24                      20                                                                                                                             

SQL> DESC EMPLOYEES;
 Name                                                                                                              Null?    Type
 ----------------------------------------------------------------------------------------------------------------- -------- ----------------------------------------------------------------------------
 EMPNO                                                                                                             NOT NULL NUMBER(5)
 ENAME                                                                                                                      VARCHAR2(20)
 DOB                                                                                                                        DATE
 HIREDATE                                                                                                                   DATE
 PHONE                                                                                                             NOT NULL VARCHAR2(12)
 DID                                                                                                                        NUMBER(2)

SQL> INSERT INTO EMPLOYEES VALUES (&DID , ('&PHONE'), ('&NAME') &DID);
Enter value for did: 30
Enter value for phone: 8909993329
Enter value for name: RAKESH
Enter value for did: 2
old   1: INSERT INTO EMPLOYEES VALUES (&DID , ('&PHONE'), ('&NAME') &DID)
new   1: INSERT INTO EMPLOYEES VALUES (30 , ('8909993329'), ('RAKESH') 2)
INSERT INTO EMPLOYEES VALUES (30 , ('8909993329'), ('RAKESH') 2)
                                                              *
ERROR at line 1:
ORA-00917: missing comma 


SQL> ED
Wrote file afiedt.buf

  1* INSERT INTO EMPLOYEES VALUES (&DID , ('&PHONE'), ('&NAME'), &EMPNO)
SQL> /
Enter value for did: 30
Enter value for phone: 32939292
Enter value for name: RKESH
Enter value for empno: 2
old   1: INSERT INTO EMPLOYEES VALUES (&DID , ('&PHONE'), ('&NAME'), &EMPNO)
new   1: INSERT INTO EMPLOYEES VALUES (30 , ('32939292'), ('RKESH'), 2)
INSERT INTO EMPLOYEES VALUES (30 , ('32939292'), ('RKESH'), 2)
            *
ERROR at line 1:
ORA-00947: not enough values 


SQL> ED
Wrote file afiedt.buf

  1* INSERT INTO EMPLOYEES VALUES (&DID , ('&PHONE'), ('&NAME'), &EMPNO)
SQL> /
Enter value for did: 
Enter value for phone: 
Enter value for name: 
Enter value for empno: 
old   1: INSERT INTO EMPLOYEES VALUES (&DID , ('&PHONE'), ('&NAME'), &EMPNO)
new   1: INSERT INTO EMPLOYEES VALUES ( , (''), (''), )
INSERT INTO EMPLOYEES VALUES ( , (''), (''), )
                               *
ERROR at line 1:
ORA-00936: missing expression 


SQL> CL SCR

SQL> DESC EMPLOYEE;
ERROR:
ORA-04043: object EMPLOYEE does not exist 


SQL> DESC EMPLOYEE
ERROR:
ORA-04043: object EMPLOYEE does not exist 


SQL> DESC EMPLOYEES
 Name                                                                                                              Null?    Type
 ----------------------------------------------------------------------------------------------------------------- -------- ----------------------------------------------------------------------------
 EMPNO                                                                                                             NOT NULL NUMBER(5)
 ENAME                                                                                                                      VARCHAR2(20)
 DOB                                                                                                                        DATE
 HIREDATE                                                                                                                   DATE
 PHONE                                                                                                             NOT NULL VARCHAR2(12)
 DID                                                                                                                        NUMBER(2)

SQL> /
Enter value for did: 
Enter value for phone: 
Enter value for name: 
Enter value for empno: 
old   1: INSERT INTO EMPLOYEES VALUES (&DID , ('&PHONE'), ('&NAME'), &EMPNO)
new   1: INSERT INTO EMPLOYEES VALUES ( , (''), (''), )
INSERT INTO EMPLOYEES VALUES ( , (''), (''), )
                               *
ERROR at line 1:
ORA-00936: missing expression 


SQL> ED
Wrote file afiedt.buf

  1* INSERT INTO EMPLOYEES VALUES (&EMPNO, ('&ENAME'), $DOB, &HIREDATE, ('&PHONE'), &DID )
SQL> /
Enter value for empno: 2
Enter value for ename: RAKESH
Enter value for hiredate: 12-JAN-02
Enter value for phone: 89899797
Enter value for did: 30
old   1: INSERT INTO EMPLOYEES VALUES (&EMPNO, ('&ENAME'), $DOB, &HIREDATE, ('&PHONE'), &DID )
new   1: INSERT INTO EMPLOYEES VALUES (2, ('RAKESH'), $DOB, 12-JAN-02, ('89899797'), 30 )
INSERT INTO EMPLOYEES VALUES (2, ('RAKESH'), $DOB, 12-JAN-02, ('89899797'), 30 )
                                             *
ERROR at line 1:
ORA-00911: invalid character 


SQL> ED
Wrote file afiedt.buf

  1* INSERT INTO EMPLOYEES VALUES (&EMPNO, ('&ENAME'), ('$DOB'), &HIREDATE, ('&PHONE'), &DID )
SQL> 
SQL> /
Enter value for empno: 2
Enter value for ename: RAKESH
Enter value for hiredate: 12-JAN-12
Enter value for phone: 8989800
Enter value for did: 22
old   1: INSERT INTO EMPLOYEES VALUES (&EMPNO, ('&ENAME'), ('$DOB'), &HIREDATE, ('&PHONE'), &DID )
new   1: INSERT INTO EMPLOYEES VALUES (2, ('RAKESH'), ('$DOB'), 12-JAN-12, ('8989800'), 22 )
INSERT INTO EMPLOYEES VALUES (2, ('RAKESH'), ('$DOB'), 12-JAN-12, ('8989800'), 22 )
                                                          *
ERROR at line 1:
ORA-00984: column not allowed here 


SQL> ED
Wrote file afiedt.buf

  1* INSERT INTO EMPLOYEES VALUES (&EMPNO, ('&ENAME'), &DOB, &HIREDATE, ('&PHONE'), &DID )
SQL> /
Enter value for empno: 2
Enter value for ename: RAKESH
Enter value for dob: 12-JAN- 2003
Enter value for hiredate: 31-JAN-2025
Enter value for phone: 878700000
Enter value for did: 30
old   1: INSERT INTO EMPLOYEES VALUES (&EMPNO, ('&ENAME'), &DOB, &HIREDATE, ('&PHONE'), &DID )
new   1: INSERT INTO EMPLOYEES VALUES (2, ('RAKESH'), 12-JAN- 2003, 31-JAN-2025, ('878700000'), 30 )
INSERT INTO EMPLOYEES VALUES (2, ('RAKESH'), 12-JAN- 2003, 31-JAN-2025, ('878700000'), 30 )
                                                              *
ERROR at line 1:
ORA-00984: column not allowed here 


SQL> /
Enter value for empno: 2
Enter value for ename: RAKESH
Enter value for dob: 12-JAN-2003
Enter value for hiredate: '31-JAN-2025'
Enter value for phone: 901900808
Enter value for did: 30
old   1: INSERT INTO EMPLOYEES VALUES (&EMPNO, ('&ENAME'), &DOB, &HIREDATE, ('&PHONE'), &DID )
new   1: INSERT INTO EMPLOYEES VALUES (2, ('RAKESH'), 12-JAN-2003, '31-JAN-2025', ('901900808'), 30 )
INSERT INTO EMPLOYEES VALUES (2, ('RAKESH'), 12-JAN-2003, '31-JAN-2025', ('901900808'), 30 )
                                                *
ERROR at line 1:
ORA-00984: column not allowed here 


SQL> 
SQL> ED
Wrote file afiedt.buf

  1* INSERT INTO EMPLOYEES VALUES (&EMPNO, ('&ENAME'), ('&DOB'), ('&HIREDATE'), ('&PHONE'), &DID )
SQL> /
Enter value for empno: 2
Enter value for ename: RAKESH
Enter value for dob: 12-JAN-2001
Enter value for hiredate: 31-JAN-2025
Enter value for phone: 88879000
Enter value for did: 30
old   1: INSERT INTO EMPLOYEES VALUES (&EMPNO, ('&ENAME'), ('&DOB'), ('&HIREDATE'), ('&PHONE'), &DID )
new   1: INSERT INTO EMPLOYEES VALUES (2, ('RAKESH'), ('12-JAN-2001'), ('31-JAN-2025'), ('88879000'), 30 )

1 row created.

SQL> /
Enter value for empno: 3
Enter value for ename: RAJUU
Enter value for dob: 21-FEB-2003
Enter value for hiredate: 12-MARCH-2024
Enter value for phone: 824842084
Enter value for did: 40
old   1: INSERT INTO EMPLOYEES VALUES (&EMPNO, ('&ENAME'), ('&DOB'), ('&HIREDATE'), ('&PHONE'), &DID )
new   1: INSERT INTO EMPLOYEES VALUES (3, ('RAJUU'), ('21-FEB-2003'), ('12-MARCH-2024'), ('824842084'), 40 )

1 row created.

SQL> SELECT   * FROMEMPLOYEES;
SELECT   * FROMEMPLOYEES
           *
ERROR at line 1:
ORA-00923: FROM keyword not found where expected 


SQL> SELECT   * FROM EMPLOYEES;

     EMPNO ENAME                DOB       HIREDATE  PHONE               DID                                                                                                                             
---------- -------------------- --------- --------- ------------ ----------                                                                                                                             
         1 SURESH               01-JAN-00 31-DEC-24                      20                                                                                                                             
         2 RAKESH               12-JAN-01 31-JAN-25 88879000             30                                                                                                                             
         3 RAJUU                21-FEB-03 12-MAR-24 824842084            40                                                                                                                             

SQL> /

     EMPNO ENAME                DOB       HIREDATE  PHONE               DID                                                                                                                             
---------- -------------------- --------- --------- ------------ ----------                                                                                                                             
         1 SURESH               01-JAN-00 31-DEC-24                      20                                                                                                                             
         2 RAKESH               12-JAN-01 31-JAN-25 88879000             30                                                                                                                             
         3 RAJUU                21-FEB-03 12-MAR-24 824842084            40                                                                                                                             

SQL> INSERT INTO EMPLOYEES VALUES (&EMPNO, ('&ENAME'), ('&DOB'), ('&HIREDATE'), ('&PHONE'), &DID );
Enter value for empno: 1
Enter value for ename: MONIKA
Enter value for dob: 22-APRIL
Enter value for hiredate: 23-JUN-2020
Enter value for phone: 32910113131
Enter value for did: 10
old   1: INSERT INTO EMPLOYEES VALUES (&EMPNO, ('&ENAME'), ('&DOB'), ('&HIREDATE'), ('&PHONE'), &DID )
new   1: INSERT INTO EMPLOYEES VALUES (1, ('MONIKA'), ('22-APRIL'), ('23-JUN-2020'), ('32910113131'), 10 )
INSERT INTO EMPLOYEES VALUES (1, ('MONIKA'), ('22-APRIL'), ('23-JUN-2020'), ('32910113131'), 10 )
                                              *
ERROR at line 1:
ORA-01861: literal does not match format string 


SQL> /
Enter value for empno: 1
Enter value for ename: MONIKA
Enter value for dob: 22-APRIL-2002
Enter value for hiredate: 12-JUN-2020
Enter value for phone: 82342344
Enter value for did: 10
old   1: INSERT INTO EMPLOYEES VALUES (&EMPNO, ('&ENAME'), ('&DOB'), ('&HIREDATE'), ('&PHONE'), &DID )
new   1: INSERT INTO EMPLOYEES VALUES (1, ('MONIKA'), ('22-APRIL-2002'), ('12-JUN-2020'), ('82342344'), 10 )
INSERT INTO EMPLOYEES VALUES (1, ('MONIKA'), ('22-APRIL-2002'), ('12-JUN-2020'), ('82342344'), 10 )
*
ERROR at line 1:
ORA-00001: unique constraint (KRUSHNA.PK_EMPLOYEES) violated 


SQL> /
Enter value for empno: 5
Enter value for ename: MONIKA
Enter value for dob: 23-12-2001
Enter value for hiredate: 12-FEB-2012
Enter value for phone: 393813131
Enter value for did: 20
old   1: INSERT INTO EMPLOYEES VALUES (&EMPNO, ('&ENAME'), ('&DOB'), ('&HIREDATE'), ('&PHONE'), &DID )
new   1: INSERT INTO EMPLOYEES VALUES (5, ('MONIKA'), ('23-12-2001'), ('12-FEB-2012'), ('393813131'), 20 )
INSERT INTO EMPLOYEES VALUES (5, ('MONIKA'), ('23-12-2001'), ('12-FEB-2012'), ('393813131'), 20 )
                                              *
ERROR at line 1:
ORA-01843: not a valid month 


SQL> /
Enter value for empno: 5
Enter value for ename: MONIKA
Enter value for dob: 12-JAN-20
Enter value for hiredate: 22-SEP-2000
Enter value for phone: 831123131
Enter value for did: 50
old   1: INSERT INTO EMPLOYEES VALUES (&EMPNO, ('&ENAME'), ('&DOB'), ('&HIREDATE'), ('&PHONE'), &DID )
new   1: INSERT INTO EMPLOYEES VALUES (5, ('MONIKA'), ('12-JAN-20'), ('22-SEP-2000'), ('831123131'), 50 )

1 row created.

SQL> /
Enter value for empno: 4
Enter value for ename: SANJU
Enter value for dob: 04-04-2004
Enter value for hiredate: 92
Enter value for phone: WRF
Enter value for did: DFV
old   1: INSERT INTO EMPLOYEES VALUES (&EMPNO, ('&ENAME'), ('&DOB'), ('&HIREDATE'), ('&PHONE'), &DID )
new   1: INSERT INTO EMPLOYEES VALUES (4, ('SANJU'), ('04-04-2004'), ('92'), ('WRF'), DFV )
INSERT INTO EMPLOYEES VALUES (4, ('SANJU'), ('04-04-2004'), ('92'), ('WRF'), DFV )
                                                                             *
ERROR at line 1:
ORA-00984: column not allowed here 


SQL> /
Enter value for empno: 4
Enter value for ename: SANJU
Enter value for dob: 04-JUL-2004
Enter value for hiredate: 04-OCT-2023
Enter value for phone: 7924028024
Enter value for did: 60
old   1: INSERT INTO EMPLOYEES VALUES (&EMPNO, ('&ENAME'), ('&DOB'), ('&HIREDATE'), ('&PHONE'), &DID )
new   1: INSERT INTO EMPLOYEES VALUES (4, ('SANJU'), ('04-JUL-2004'), ('04-OCT-2023'), ('7924028024'), 60 )
INSERT INTO EMPLOYEES VALUES (4, ('SANJU'), ('04-JUL-2004'), ('04-OCT-2023'), ('7924028024'), 60 )
*
ERROR at line 1:
ORA-02291: integrity constraint (KRUSHNA.FK_DID) violated - parent key not found 


SQL> SELECT * FROM TAB;

TNAME                TABTYPE        CLUSTERID                                                                                                                                                           
-------------------- ------------- ----------                                                                                                                                                           
SUBJECT              TABLE                                                                                                                                                                              
SINGER               TABLE                                                                                                                                                                              
EMP                  TABLE                                                                                                                                                                              
BICKS                TABLE                                                                                                                                                                              
DEPT                 TABLE                                                                                                                                                                              
EMPLOYEES            TABLE                                                                                                                                                                              
OREDRS               TABLE                                                                                                                                                                              
CUSTOMER             TABLE                                                                                                                                                                              

8 rows selected.

SQL> COMMIT;

Commit complete.

SQL> SELECT * FROM EMPLOYEES;

     EMPNO ENAME                DOB       HIREDATE  PHONE               DID                                                                                                                             
---------- -------------------- --------- --------- ------------ ----------                                                                                                                             
         1 SURESH               01-JAN-00 31-DEC-24                      20                                                                                                                             
         2 RAKESH               12-JAN-01 31-JAN-25 88879000             30                                                                                                                             
         3 RAJUU                21-FEB-03 12-MAR-24 824842084            40                                                                                                                             
         5 MONIKA               12-JAN-20 22-SEP-00 831123131            50                                                                                                                             

SQL> DESC DEPT;
 Name                                                                                                              Null?    Type
 ----------------------------------------------------------------------------------------------------------------- -------- ----------------------------------------------------------------------------
 DID                                                                                                               NOT NULL NUMBER(2)
 DNAME                                                                                                                      VARCHAR2(20)
 LOCATION                                                                                                                   VARCHAR2(50)
 PHONE                                                                                                                      VARCHAR2(15)

SQL> SELECT * FROM DEPT;

       DID DNAME                LOCATION                                           PHONE                                                                                                                
---------- -------------------- -------------------------------------------------- ---------------                                                                                                      
        10 ACCOUNTS             HYDERABAD                                          555555555                                                                                                            
        20 HR                   NEW DELHI                                          666666666666                                                                                                         
        30 SALES                MUMBAI                                             777777777                                                                                                            
        40 MARKETING            CHENNAI                                            4444444444444                                                                                                        
        50 MANUFACTURING        NANDED                                             3333333333                                                                                                           

SQL>  INSERT INTO EMPLOYEES VALUES (&EMPNO, ('&ENAME'), ('&DOB'), ('&HIREDATE'), ('&PHONE'), &DID )
  2  ;
Enter value for empno: 4
Enter value for ename: SANJU
Enter value for dob: 12-MARCH-2002
Enter value for hiredate: 30-FEB-2023
Enter value for phone: 238470134
Enter value for did: 20
old   1:  INSERT INTO EMPLOYEES VALUES (&EMPNO, ('&ENAME'), ('&DOB'), ('&HIREDATE'), ('&PHONE'), &DID )
new   1:  INSERT INTO EMPLOYEES VALUES (4, ('SANJU'), ('12-MARCH-2002'), ('30-FEB-2023'), ('238470134'), 20 )
 INSERT INTO EMPLOYEES VALUES (4, ('SANJU'), ('12-MARCH-2002'), ('30-FEB-2023'), ('238470134'), 20 )
                                                                 *
ERROR at line 1:
ORA-01830: date format picture ends before converting entire input string 


SQL> /
Enter value for empno: 4
Enter value for ename: SANJU
Enter value for dob: 12-MAR-2002
Enter value for hiredate: 28-FEB-2023
Enter value for phone: 83274837
Enter value for did: 20
old   1:  INSERT INTO EMPLOYEES VALUES (&EMPNO, ('&ENAME'), ('&DOB'), ('&HIREDATE'), ('&PHONE'), &DID )
new   1:  INSERT INTO EMPLOYEES VALUES (4, ('SANJU'), ('12-MAR-2002'), ('28-FEB-2023'), ('83274837'), 20 )

1 row created.

SQL> SELECT * FROM EMOPLOYEES;
SELECT * FROM EMOPLOYEES
              *
ERROR at line 1:
ORA-00942: table or view does not exist 


SQL> SELECT * FROM EMPLOYEES;

     EMPNO ENAME                DOB       HIREDATE  PHONE               DID                                                                                                                             
---------- -------------------- --------- --------- ------------ ----------                                                                                                                             
         1 SURESH               01-JAN-00 31-DEC-24                      20                                                                                                                             
         2 RAKESH               12-JAN-01 31-JAN-25 88879000             30                                                                                                                             
         3 RAJUU                21-FEB-03 12-MAR-24 824842084            40                                                                                                                             
         5 MONIKA               12-JAN-20 22-SEP-00 831123131            50                                                                                                                             
         4 SANJU                12-MAR-02 28-FEB-23 83274837             20                                                                                                                             

SQL> EXIT



**********************************************************************************


